2024-06-15 20:46:25,979 - DEBUG - режим отладки - C:\Users\cstsemusa\OneDrive - JT International\Desktop\IT\Project\GeekBrains\2_Python_Client_Server\Python_Client_Server\logs\client_log_config.py
2024-06-16 10:40:54,849 - INFO - C:\Users\cstsemusa\OneDrive - JT International\Desktop\IT\Project\GeekBrains\2_Python_Client_Server\Python_Client_Server\client.py - Подключился клиент Sam
2024-06-16 11:12:05,380 - INFO - client.py - C:\Users\cstsemusa\OneDrive - JT International\Desktop\IT\Project\GeekBrains\2_Python_Client_Server\Python_Client_Server\client.py - Подключился клиент Sam
2024-06-16 11:18:38,463 - CRITICAL - client.py - Ошибка импорта - No module named 'Cryptodome'
2024-06-16 11:40:22,901 - CRITICAL - client.py - Ошибка импорта - No module named 'Cryptodome'
2024-06-16 13:20:23,817 - INFO - client.py - Подключился клиент Test_1
2024-06-16 13:35:02,699 - INFO - client.py - Подключился клиент Test_2
2024-06-16 13:35:02,724 - INFO - client.py - Подключился клиент Test_1
2024-06-16 13:35:03,150 - INFO - client.py - Подключился клиент Test_3
2024-06-16 13:35:56,322 - INFO - client.py - Подключился клиент Test_1
2024-06-16 13:35:56,521 - INFO - client.py - Подключился клиент Test_3
2024-06-16 13:35:56,747 - INFO - client.py - Подключился клиент Test_2
2024-06-16 14:42:43,220 - INFO - client.py - Подключился клиент Test_2
2024-06-16 14:42:43,376 - INFO - client.py - Подключился клиент Test_3
2024-06-16 14:45:48,140 - INFO - client.py - Подключился клиент Test_1
2024-06-16 14:45:48,298 - INFO - client.py - Подключился клиент Test_2
2024-06-16 14:45:48,494 - INFO - client.py - Подключился клиент Test_3
2024-06-16 14:46:44,354 - INFO - client.py - Подключился клиент Test_2
2024-06-16 14:46:44,448 - INFO - client.py - Подключился клиент Test_1
2024-06-16 14:46:44,533 - INFO - client.py - Подключился клиент Test_3
2024-06-16 15:07:41,199 - INFO - client.py - Подключился клиент Test_1
2024-06-16 15:07:41,199 - INFO - client.py - Подключился клиент Test_2
2024-06-16 15:07:41,334 - INFO - client.py - Подключился клиент Test_3
2024-06-16 15:30:06,264 - INFO - client.py - Подключился клиент Test_1
2024-06-16 15:30:06,270 - INFO - client.py - Подключился клиент Test_2
2024-06-16 15:30:06,388 - INFO - client.py - Подключился клиент Test_3
2024-06-16 15:30:26,059 - INFO - client.py - Подключился клиент Test_1
2024-06-16 15:30:26,264 - INFO - client.py - Подключился клиент Test_2
2024-06-16 15:30:26,474 - INFO - client.py - Подключился клиент Test_3
