2024-09-07 11:23:40,377 - INFO - client.py - Подключился клиент Sam
2024-09-07 11:25:50,604 - INFO - client.py - Подключился клиент Test_1
2024-09-07 11:26:13,407 - INFO - client.py - Подключился клиент Test_1
2024-09-07 11:29:04,328 - INFO - client.py - Подключился клиент Test_1
2024-09-07 11:29:04,336 - INFO - client.py - Подключился клиент Test_2
2024-09-07 11:29:04,487 - INFO - client.py - Подключился клиент Test_3
2024-09-08 16:51:24,764 - INFO - client.py - Подключился клиент Sam
2024-09-08 16:52:04,297 - INFO - client.py - Подключился клиент Robert
2024-09-13 10:35:14,299 - INFO - client.py - Подключился клиент Sam
2024-09-13 10:36:02,149 - INFO - client.py - Подключился клиент Robert
2024-09-13 10:36:19,612 - INFO - client.py - Подключился клиент Robert
2024-09-13 10:37:22,065 - INFO - client.py - Подключился клиент Test_1
2024-09-13 10:37:22,336 - INFO - client.py - Подключился клиент Test_2
2024-09-15 13:36:08,059 - INFO - client.py - Подключился клиент Test_1
2024-09-15 13:36:08,707 - INFO - client.py - Подключился клиент Test_2
2024-09-15 13:39:52,917 - INFO - client.py - Подключился клиент Test_1
2024-09-15 13:39:53,719 - INFO - client.py - Подключился клиент Test_2
2024-09-15 14:02:50,350 - INFO - client.py - Подключился клиент Test_1
2024-09-15 14:03:33,602 - INFO - client.py - Подключился клиент Test_2
2024-09-15 14:03:48,908 - INFO - client.py - Подключился клиент Test_3
2024-09-15 14:04:25,629 - INFO - client.py - Подключился клиент Test_1
2024-09-15 14:04:26,984 - INFO - client.py - Подключился клиент Test_2
2024-09-15 14:04:27,451 - INFO - client.py - Подключился клиент Test_3
2024-09-15 14:06:22,731 - INFO - client.py - Подключился клиент Sam
2024-09-15 14:06:50,314 - INFO - client.py - Подключился клиент Robert
2024-09-15 14:06:59,918 - INFO - client.py - Подключился клиент Robert
2024-09-15 14:07:43,518 - INFO - client.py - Подключился клиент Jack
2024-09-15 14:08:09,183 - INFO - client.py - Подключился клиент Robert
2024-09-15 14:08:21,958 - INFO - client.py - Подключился клиент Jack
2024-09-15 14:17:47,755 - CRITICAL - client.py - Ошибка ссоединения с сервером!!! [Errno 111] Connection refused
2024-09-15 14:19:40,053 - INFO - client.py - Подключился клиент Jack
2024-09-15 14:20:56,331 - INFO - client.py - Подключился клиент Sam
2024-09-15 14:21:18,853 - INFO - client.py - Подключился клиент Robert
2024-09-15 14:21:40,855 - INFO - client.py - Подключился клиент Jack
